// Jest Snapshot v1, https://goo.gl/fbAQLP

exports[`renders without crashing 1`] = `
<Layout
  breadcrumbs={Array []}
>
  <Meta />
  <PostsListing
    items={Array []}
  />
</Layout>
`;
