// Jest Snapshot v1, https://goo.gl/fbAQLP

exports[`renders without crashing 1`] = `
<Connect(LayoutContainer)>
  <Meta
    description=""
    image=""
    title=""
  />
  <PostDetails
    post={Object {}}
  />
  <Disqus
    identifier=""
    title=""
  />
</Connect(LayoutContainer)>
`;
