// Jest Snapshot v1, https://goo.gl/fbAQLP

exports[`renders without crashing 1`] = `
<Switch>
  <Route
    component={[Function]}
    exact={true}
    path="/"
  />
  <Route
    exact={true}
    path="/:post"
    render={[Function]}
  />
  <Route
    component={[Function]}
  />
</Switch>
`;
