// Jest Snapshot v1, https://goo.gl/fbAQLP

exports[`renders without crashing 1`] = `
<figure
  className="Image"
>
  <img
    alt=""
    src=""
  />
</figure>
`;
