// Jest Snapshot v1, https://goo.gl/fbAQLP

exports[`renders without crashing 1`] = `
<div
  className="PostDetails"
>
  <h1
    className="PostDetails__title"
  />
  <p
    className="PostDetails__meta"
  />
  <TextBlock />
</div>
`;
