// Jest Snapshot v1, https://goo.gl/fbAQLP

exports[`renders without crashing 1`] = `
<div
  className="CategoryDetails"
>
  <TextBlock>
    <h1>
      <small>
        Category:
      </small>
      <br />
    </h1>
    <hr />
  </TextBlock>
</div>
`;
