// Jest Snapshot v1, https://goo.gl/fbAQLP

exports[`renders without crashing 1`] = `
<div
  className="Disqus"
>
  <DiscussionEmbed
    config={
      Object {
        "identifier": "",
        "title": "",
      }
    }
    shortname="bernardodiasc"
  />
</div>
`;
